Weather report: Waco,TX

      \   /     Sunny
       .-.      +78(77) °F     
    ― (   ) ―   ↖ 8 mph        
       `-’      9 mi           
      /   \     0.0 in         
Connecting to database at: recipes.duckdb
Fetching ingredients...
Updating ALL 10754 unique ingredients (this will take a significant amount of time)...
[5/10754] Processed: '3/4 cup of your favorite hummus (I just used plain hummus)' -> 'hummus'
[10/10754] Processed: 'Lemon zest, 1/2 lemon' -> 'lemon'
[15/10754] Processed: '4  hard or soft boiled eggs (for serving)' -> 'egg'
[20/10754] Processed: '1 teaspoon baking soda' -> 'baking soda'
[25/10754] Processed: '2 tablespoons fresh basil (chopped + more for serving)' -> 'basil'
[30/10754] Processed: '1/4 teaspoon ginger' -> 'ginger'
[35/10754] Processed: '1/2 cup full-fat plain greek yogurt' -> 'greek yogurt'
[40/10754] Processed: '3/4 teaspoon chipotle chili powder' -> 'chipotle chili powder'
[45/10754] Processed: '1/3 cup packed brown sugar' -> 'brown sugar'
[50/10754] Processed: '3/4 teaspoon dried dill' -> 'dill'
[55/10754] Processed: '1/2 cup BBQ sauce + more for serving' -> 'bbq sauce'
[60/10754] Processed: '3/4 cups lukewarm water' -> 'water'
[65/10754] Processed: '4-6 ounces cream cheese (softened)' -> 'cream cheese'
[70/10754] Processed: 'Potato bun, 1' -> 'potato bun'
[75/10754] Processed: '4-6 ounces blue cheese (crumbled)' -> 'blue cheese'
[80/10754] Processed: '1/4 cup fresh lemon juice + reserve the zest' -> 'lemon juice'
[85/10754] Processed: 'Flour, 25 g' -> 'flour'
[90/10754] Processed: '6-8  corn or flour tortillas, warmed' -> 'tortilla'
[95/10754] Processed: '1  peach (diced)' -> 'peach'
[100/10754] Processed: '2 cups button mushrooms (finely chopped)' -> 'button mushroom'
[105/10754] Processed: '5 cups low-sodium chicken broth (warmed)' -> 'chicken broth'
[110/10754] Processed: '4 tablespoons milk (any will be fine)' -> 'milk'
[115/10754] Processed: '1  large egg (lightly beaten)' -> 'egg'
[120/10754] Processed: '1 1/4 cups panko bread crumbs' -> 'panko bread crumbs'
[125/10754] Processed: '4  ears fresh corn (kernels cut off)' -> 'corn'
[130/10754] Processed: '2 teaspoons dried dill' -> 'dill'
[135/10754] Processed: '6 ounces goat cheese' -> 'goat cheese'
[140/10754] Processed: '1/2 cup roasted almonds, chopped' -> 'almond'
[145/10754] Processed: 'pomegranate arils, for serving (optional)' -> 'pomegranate arils'
[150/10754] Processed: '1/3 cup pecorino cheese (grated (omit for vegan version))' -> 'pecorino cheese'
[155/10754] Processed: '2 tablespoons unsalted butter' -> 'butter'
[160/10754] Processed: '6 ounces cream cheese (softened)' -> 'cream cheese'
[165/10754] Processed: '1/2  avocado' -> 'avocado'
[170/10754] Processed: '6 tablespoons cold salted butted (cubed, or unsalted with a pinch of salt)' -> 'butter'
[175/10754] Processed: 'Oyster Sauce, 1 part' -> 'oyster sauce'
[180/10754] Processed: 'Flour, 60 g' -> 'flour'
[185/10754] Processed: 'Fresh oregano, 1 g' -> 'oregano'
[190/10754] Processed: '1 cup fresh cilantro (finely chopped)' -> 'cilantro'
[195/10754] Processed: '1 teaspoon adobo sauce' -> 'adobo sauce'
[200/10754] Processed: '2 cups cooked chickpeas (if canned (drain and rinse))' -> 'chickpea'
[205/10754] Processed: '2 1/2 ounces dark chocolate (chopped)' -> 'dark chocolate'
[210/10754] Processed: '2/3 cup flour' -> 'flour'
[215/10754] Processed: '1/4 teaspoon almond extract' -> 'almond extract'
[220/10754] Processed: '3/4 cup vegetable oil' -> 'vegetable oil'
[225/10754] Processed: 'Topping:' -> 'topping'
[230/10754] Processed: '1 cup butter (melted, 2 sticks)' -> 'butter'
[235/10754] Processed: '16 ounces button mushrooms' -> 'mushroom'
[240/10754] Processed: '4 tablespoons unsalted butter (softened at room temperature and cut into cubes, 1/2 stick)' -> 'butter'
[245/10754] Processed: '1 tablespoons unsweetened cocoa powder' -> 'cocoa powder'
[250/10754] Processed: '1 cup pure cranberry juice' -> 'cranberry juice'
[255/10754] Processed: '1/2  onion (finely diced)' -> 'onion'
[260/10754] Processed: '8 tablespoon butter (softened)' -> 'butter'
[265/10754] Processed: '1/2 cup fresh basil (plus more for garnish)' -> 'basil'
[270/10754] Processed: 'Cucumbers, a handful' -> 'cucumber'
[275/10754] Processed: '2 tablespoons honey or brown sugar' -> 'honey'
[280/10754] Processed: '1 (15 ounce) can cannellini beans (drained + rinsed)' -> 'cannellini beans'
[285/10754] Processed: '3 tablespoons salted butter' -> 'butter'
[290/10754] Processed: 'Lemon juice, a drizzle' -> 'lemon juice'
[295/10754] Processed: '1/4 cup cilantro' -> 'cilantro'
[300/10754] Processed: 'Instant yeast, 3 g' -> 'yeast'
[305/10754] Processed: '1/2 cup ground flax seeds' -> 'flax seeds'
[310/10754] Processed: '3/4 cup buttermilk' -> 'buttermilk'
[315/10754] Processed: '1 cloves large or 2 small garlic (minced)' -> 'garlic'
[320/10754] Processed: '1 ounce package cream cheese (softened, 8)' -> 'cream cheese'
[325/10754] Processed: '1/3 cup low sodium soy sauce' -> 'soy sauce'
[330/10754] Processed: '1 1/4 cups granulated sugar' -> 'sugar'
[335/10754] Processed: '2  zucchini and or summer squash (I used one of each)' -> 'zucchini'
[340/10754] Processed: '1/3 cup fresh lime juice (only use 1-2 tablespoons if making the non-alcoholic version)' -> 'lime juice'
[345/10754] Processed: '2 cups frozen cantaloupe chunks  ((freeze chunks for at least 1-2 hours))' -> 'cantaloupe'
[350/10754] Processed: '1/4 cup honey (add 1-2 tablespoons more for a sweeter pop)' -> 'honey'
[355/10754] Processed: 'Milk, 100 g' -> 'milk'
[360/10754] Processed: '1/2 leave of a jalapeno (seeded ( the seeds in for more heat if desired))' -> 'jalapeno'
[365/10754] Processed: '1 tablespoon white wine vinegar' -> 'white wine vinegar'
[370/10754] Processed: '2  jalapeno peppers' -> 'jalapeno pepper'
[375/10754] Processed: '1 Â½ cups black beans' -> 'black beans'
[380/10754] Processed: 'swiss cheese (optional)' -> 'swiss cheese'
[385/10754] Processed: '1/4 -1/2 cup light coconut milk' -> 'coconut milk'
[390/10754] Processed: '2-4  scoops vanilla bean coconut ice cream (or just vanilla ice cream)' -> 'vanilla ice cream'
[395/10754] Processed: '1-2 cups reese's peanut butter eggs or cups (quartered)' -> 'peanut butter'
[400/10754] Processed: '1/2 cup granulated or caster sugar' -> 'sugar'
[405/10754] Processed: '1  stick (8 tablespoons)unsalted butter' -> 'butter'
[410/10754] Processed: 'fresh black pepper' -> 'pepper'
[415/10754] Processed: '1/2 teaspoon salt + pepper (plus more to taste)' -> 'salt'
[420/10754] Processed: '2 tablespoons bourbon' -> 'bourbon'
[425/10754] Processed: '1  lime (sliced thin with the peel on)' -> 'lime'
[430/10754] Processed: 'Red Bell Peppers, 3' -> 'bell pepper'
[435/10754] Processed: '3/4 cup unsalted butter (divided, 1 1/2 sticks)' -> 'butter'
[440/10754] Processed: 'Cooking oil, ' -> 'cooking oil'
[445/10754] Processed: 'the rind from 1 lemon, thinly sliced' -> 'lemon'
